
> environmental_awareness@1.0.0 test-engine
> ts-node src/testEngine.ts

--- Environmental Awareness: StateAggregationEngine Test ---

[StateAggregationEngine] Provider registered: EconomicModule
[StateAggregationEngine] Provider registered: IdentityTrustSystem
[StateAggregationEngine] Provider registered: RiskEngine
[StateAggregationEngine] Provider registered: AuditLogSystem
[StateAggregationEngine] Provider registered: CoordinationLayer
[StateAggregationEngine] Engine started. Update interval: 2000ms

[EVENT] New Global System State:
Timestamp: 2026-02-24T12:42:37.447Z
Version: 1.0.0
Treasury: 5055308.75
Risk Exposure: 1790.75
Cooperation Score: 92.59
Task Density: 284
Network Load: 55.4%
--------------------------------------------------

[EVENT] New Global System State:
Timestamp: 2026-02-24T12:42:39.462Z
Version: 1.0.0
Treasury: 5010626.81
Risk Exposure: 1867.60
Cooperation Score: 94.55
Task Density: 270
Network Load: 47.6%
--------------------------------------------------

[EVENT] New Global System State:
Timestamp: 2026-02-24T12:42:41.470Z
Version: 1.0.0
Treasury: 5058617.00
Risk Exposure: 1624.65
Cooperation Score: 89.75
Task Density: 219
Network Load: 34.9%
--------------------------------------------------

[EVENT] New Global System State:
Timestamp: 2026-02-24T12:42:43.482Z
Version: 1.0.0
Treasury: 5011294.87
Risk Exposure: 1844.48
Cooperation Score: 88.86
Task Density: 327
Network Load: 32.2%
--------------------------------------------------

[EVENT] New Global System State:
Timestamp: 2026-02-24T12:42:45.487Z
Version: 1.0.0
Treasury: 5093128.66
Risk Exposure: 1603.19
Cooperation Score: 85.47
Task Density: 372
Network Load: 38.6%
--------------------------------------------------

[EVENT] New Global System State:
Timestamp: 2026-02-24T12:42:47.487Z
Version: 1.0.0
Treasury: 5034508.64
Risk Exposure: 1553.50
Cooperation Score: 89.58
Task Density: 306
Network Load: 69.3%
--------------------------------------------------

Stopping engine after 10 seconds...
[StateAggregationEngine] Engine stopped.
