src/models/GlobalSystemState.ts(73,7): error TS2783: 'totalTreasuryReserves' is specified more than once, so this usage will be overwritten.
src/models/GlobalSystemState.ts(74,7): error TS2783: 'pooledBudgetUtilization' is specified more than once, so this usage will be overwritten.
src/models/GlobalSystemState.ts(75,7): error TS2783: 'aggregateAgentRiskExposure' is specified more than once, so this usage will be overwritten.
src/models/GlobalSystemState.ts(76,7): error TS2783: 'networkComputeLoad' is specified more than once, so this usage will be overwritten.
src/models/GlobalSystemState.ts(77,7): error TS2783: 'policyViolationFrequency' is specified more than once, so this usage will be overwritten.
src/models/GlobalSystemState.ts(78,7): error TS2783: 'cooperativeEfficiencyScores' is specified more than once, so this usage will be overwritten.
src/models/GlobalSystemState.ts(79,7): error TS2783: 'ongoingTaskDensity' is specified more than once, so this usage will be overwritten.
